<html>
<body>
<pre>
<h1>µVision Build Log</h1>
<h2>Tool Versions:</h2>
IDE-Version: µVision V5.41.0.0
Copyright (C) 2024 ARM Ltd and ARM Germany GmbH. All rights reserved.
License Information: Mohammad Munna, Uni, LIC=----
 
Tool Versions:
Toolchain:       MDK-Lite  Version: 5.41.0.0
Toolchain Path:  C:\Users\nadz\AppData\Local\Keil_v5\ARM\ARMCLANG\Bin
C Compiler:      ArmClang.exe V6.22
Assembler:       Armasm.exe V6.22
Linker/Locator:  ArmLink.exe V6.22
Library Manager: ArmAr.exe V6.22
Hex Converter:   FromElf.exe V6.22
CPU DLL:         SARMCM3.DLL V5.41.0.0
Dialog DLL:      DARMCM1.DLL V1.19.6.0
Target DLL:      STLink\ST-LINKIII-KEIL_SWO.dll V3.3.0.0
Dialog DLL:      TARMCM1.DLL V1.14.6.0
 
<h2>Project:</h2>
C:\Users\nadz\OneDrive\Documents\Embedded_systems\GPIO_polling\gpio_using_polling_method.uvprojx
Project File Date:  08/05/2025

<h2>Output:</h2>
*** Using Compiler 'V6.22', folder: 'C:\Users\nadz\AppData\Local\Keil_v5\ARM\ARMCLANG\Bin'
Rebuild target 'STM32F091RC'
compiling stm32f0xx_hal_flash_ex.c...
compiling stm32f0xx_hal_rcc_ex.c...
compiling main.c...
compiling stm32f0xx_hal_flash.c...
compiling stm32f0xx_hal.c...
compiling stm32f0xx_hal_gpio.c...
C:/Users/nadz/AppData/Local/Arm/Packs/Keil/STM32F0xx_DFP/2.1.1/Drivers/STM32F0xx_HAL_Driver/Src/stm32f0xx_hal_cortex.c(136): warning: unused parameter 'SubPriority' [-Wunused-parameter]
  136 | void HAL_NVIC_SetPriority(IRQn_Type IRQn, uint32_t PreemptPriority, uint32_t SubPriority)
      |                                                                              ^
1 warning generated.
compiling stm32f0xx_hal_cortex.c...
C:/Users/nadz/AppData/Local/Arm/Packs/Keil/STM32F0xx_DFP/2.1.1/Drivers/STM32F0xx_HAL_Driver/Src/stm32f0xx_hal_rcc.c(1018): warning: unused parameter 'RCC_MCOx' [-Wunused-parameter]
 1018 | void HAL_RCC_MCOConfig(uint32_t RCC_MCOx, uint32_t RCC_MCOSource, uint32_t RCC_MCODiv)
      |                                 ^
1 warning generated.
compiling stm32f0xx_hal_rcc.c...
assembling startup_stm32f091xc.s...
compiling system_stm32f0xx.c...
linking...
Program Size: Code=368 RO-data=204 RW-data=0 ZI-data=1024  
".\Objects\gpio_using_polling_method.axf" - 0 Error(s), 2 Warning(s).

<h2>Software Packages used:</h2>

Package Vendor: ARM
                https://www.keil.com/pack/ARM.CMSIS.6.1.0.pack
                ARM::CMSIS@6.1.0
                CMSIS (Common Microcontroller Software Interface Standard)
   * Component: CORE Version: 6.1.0

Package Vendor: Keil
                https://www.keil.com/pack/Keil.STM32F0xx_DFP.2.1.1.pack
                Keil::STM32F0xx_DFP@2.1.1
                STMicroelectronics STM32F0 Series Device Support, Drivers and Examples
   * Component: COMMON Version: 1.11.3
   * Component: CORTEX Version: 1.11.3
   * Component: FLASH Version: 1.11.3
   * Component: GPIO Version: 1.11.3
   * Component: RCC Version: 1.11.3
   * Component: Startup Version: 1.0.0

<h2>Collection of Component include folders:</h2>
  ./RTE/Device/STM32F091RCHx
  ./RTE/_STM32F091RC
  C:/Users/nadz/AppData/Local/Arm/Packs/ARM/CMSIS/6.1.0/CMSIS/Core/Include
  C:/Users/nadz/AppData/Local/Arm/Packs/Keil/STM32F0xx_DFP/2.1.1/Drivers/CMSIS/Device/ST/STM32F0xx/Include
  C:/Users/nadz/AppData/Local/Arm/Packs/Keil/STM32F0xx_DFP/2.1.1/Drivers/STM32F0xx_HAL_Driver/Inc
  C:/Users/nadz/AppData/Local/Arm/Packs/Keil/STM32F0xx_DFP/2.1.1/Drivers/STM32F0xx_HAL_Driver/Inc/Legacy

<h2>Collection of Component Files used:</h2>

   * Component: ARM::CMSIS:CORE@6.1.0

   * Component: Keil::Device&Standalone:STM32Cube HAL:COMMON@1.11.3
      Include file:  Drivers/STM32F0xx_HAL_Driver/Inc/stm32f0xx_hal_def.h
      Source file:   MDK/Templates/Src/stm32f0xx_hal_msp.c
      Source file:   MDK/Templates/Src/main.c
      Include file:  MDK/Templates/Inc/stm32f0xx_hal_conf.h
      Source file:   Drivers/STM32F0xx_HAL_Driver/Src/stm32f0xx_hal.c
      Include file:  Drivers/STM32F0xx_HAL_Driver/Inc/stm32f0xx_hal.h
      Include file:  MDK/Templates/Inc/main.h
      Source file:   MDK/Templates/Src/stm32f0xx_it.c
      Include file:  Drivers/STM32F0xx_HAL_Driver/Inc/Legacy/stm32_hal_legacy.h
      Include file:  MDK/Templates/Inc/stm32f0xx_it.h

   * Component: Keil::Device&Standalone:STM32Cube HAL:CORTEX@1.11.3
      Source file:   Drivers/STM32F0xx_HAL_Driver/Src/stm32f0xx_hal_cortex.c

   * Component: Keil::Device&Standalone:STM32Cube HAL:FLASH@1.11.3
      Source file:   Drivers/STM32F0xx_HAL_Driver/Src/stm32f0xx_hal_flash_ex.c
      Source file:   Drivers/STM32F0xx_HAL_Driver/Src/stm32f0xx_hal_flash.c

   * Component: Keil::Device&Standalone:STM32Cube HAL:GPIO@1.11.3
      Source file:   Drivers/STM32F0xx_HAL_Driver/Src/stm32f0xx_hal_gpio.c

   * Component: Keil::Device&Standalone:STM32Cube HAL:RCC@1.11.3
      Source file:   Drivers/STM32F0xx_HAL_Driver/Src/stm32f0xx_hal_rcc.c
      Source file:   Drivers/STM32F0xx_HAL_Driver/Src/stm32f0xx_hal_rcc_ex.c

   * Component: Keil::Device&Standalone:Startup@1.0.0
      Source file:   Drivers/CMSIS/Device/ST/STM32F0xx/Source/Templates/arm/startup_stm32f091xc.s
      Source file:   Drivers/CMSIS/Device/ST/STM32F0xx/Source/Templates/system_stm32f0xx.c
      Source file:   MDK/Device/Source/ARM/STM32F0xx_OPT.s
      Include file:  Drivers/CMSIS/Device/ST/STM32F0xx/Include/stm32f0xx.h
Build Time Elapsed:  00:00:03
</pre>
</body>
</html>
